
> e-commerce@0.0.0 test
> ng test --browsers=ChromeHeadless --watch=false

node.exe : - Generating browser application bundles (phase: setup)...
At line:1 char:1
+ & "C:\Program Files\nodejs/node.exe" "C:\Program Files\nodejs/node_mo ...
+ ~~~~~~~~~~~~~~~~~~~~~~~~~~~~~~~~~~~~~~~~~~~~~~~~~~~~~~~~~~~~~~~~~~~~~
    + CategoryInfo          : NotSpecified: (- Generating br...hase: setup)... 
   :String) [], RemoteException
    + FullyQualifiedErrorId : NativeCommandError
 
Γ£ö Browser application bundle generation complete.
05 03 2026 15:58:05.276:INFO [karma-server]: Karma v6.4.4 server started at http://localhost:9876/
05 03 2026 15:58:05.282:INFO [launcher]: Launching browsers ChromeHeadless with concurrency unlimited
05 03 2026 15:58:05.301:INFO [launcher]: Starting browser ChromeHeadless
05 03 2026 15:58:06.507:INFO [Chrome Headless 145.0.0.0 (Windows 10)]: Connected on socket nleU5EOgQxB3YVE7AAAB with id 16580915
Chrome Headless 145.0.0.0 (Windows 10): Executed 0 of 96[32m SUCCESS[39m (0 secs / 0 secs)
[1A[2KChrome Headless 145.0.0.0 (Windows 10): Executed 1 of 96[32m SUCCESS[39m (0 secs / 0.11 secs)
[1A[2KChrome Headless 145.0.0.0 (Windows 10): Executed 2 of 96[32m SUCCESS[39m (0 secs / 0.115 secs)
[1A[2KChrome Headless 145.0.0.0 (Windows 10): Executed 3 of 96[32m SUCCESS[39m (0 secs / 0.119 secs)
[1A[2KChrome Headless 145.0.0.0 (Windows 10): Executed 4 of 96[32m SUCCESS[39m (0 secs / 0.126 secs)
[1A[2KChrome Headless 145.0.0.0 (Windows 10): Executed 5 of 96[32m SUCCESS[39m (0 secs / 0.132 secs)
[1A[2KChrome Headless 145.0.0.0 (Windows 10): Executed 6 of 96[32m SUCCESS[39m (0 secs / 0.138 secs)
[1A[2KChrome Headless 145.0.0.0 (Windows 10): Executed 7 of 96[32m SUCCESS[39m (0 secs / 0.145 secs)
[1A[2KChrome Headless 145.0.0.0 (Windows 10): Executed 8 of 96[32m SUCCESS[39m (0 secs / 0.253 secs)
[1A[2KChrome Headless 145.0.0.0 (Windows 10): Executed 9 of 96[32m SUCCESS[39m (0 secs / 0.373 secs)
[1A[2KChrome Headless 145.0.0.0 (Windows 10): Executed 10 of 96[32m SUCCESS[39m (0 secs / 0.377 secs)
[1A[2KChrome Headless 145.0.0.0 (Windows 10): Executed 11 of 96[32m SUCCESS[39m (0 secs / 0.38 secs)
[1A[2KChrome Headless 145.0.0.0 (Windows 10): Executed 12 of 96[32m SUCCESS[39m (0 secs / 0.383 secs)
[1A[2KChrome Headless 145.0.0.0 (Windows 10): Executed 13 of 96[32m SUCCESS[39m (0 secs / 0.386 secs)
[1A[2KChrome Headless 145.0.0.0 (Windows 10): Executed 14 of 96[32m SUCCESS[39m (0 secs / 0.389 secs)
[1A[2KChrome Headless 145.0.0.0 (Windows 10): Executed 15 of 96[32m SUCCESS[39m (0 secs / 0.393 secs)
[1A[2KChrome Headless 145.0.0.0 (Windows 10): Executed 16 of 96[32m SUCCESS[39m (0 secs / 0.396 secs)
[1A[2KChrome Headless 145.0.0.0 (Windows 10): Executed 17 of 96[32m SUCCESS[39m (0 secs / 0.399 secs)
[1A[2KChrome Headless 145.0.0.0 (Windows 10): Executed 18 of 96[32m SUCCESS[39m (0 secs / 0.402 secs)
[1A[2KChrome Headless 145.0.0.0 (Windows 10): Executed 19 of 96[32m SUCCESS[39m (0 secs / 0.405 secs)
[1A[2KChrome Headless 145.0.0.0 (Windows 10): Executed 20 of 96[32m SUCCESS[39m (0 secs / 0.408 secs)
[1A[2KChrome Headless 145.0.0.0 (Windows 10): Executed 21 of 96[32m SUCCESS[39m (0 secs / 0.411 secs)
[1A[2KChrome Headless 145.0.0.0 (Windows 10): Executed 22 of 96[32m SUCCESS[39m (0 secs / 0.415 secs)
[1A[2KChrome Headless 145.0.0.0 (Windows 10): Executed 23 of 96[32m SUCCESS[39m (0 secs / 0.418 secs)
[1A[2KChrome Headless 145.0.0.0 (Windows 10): Executed 24 of 96[32m SUCCESS[39m (0 secs / 0.423 secs)
[1A[2KChrome Headless 145.0.0.0 (Windows 10): Executed 25 of 96[32m SUCCESS[39m (0 secs / 0.428 secs)
[1A[2KChrome Headless 145.0.0.0 (Windows 10): Executed 26 of 96[32m SUCCESS[39m (0 secs / 0.431 secs)
[1A[2KChrome Headless 145.0.0.0 (Windows 10): Executed 27 of 96[32m SUCCESS[39m (0 secs / 0.435 secs)
[1A[2K[31mChrome Headless 145.0.0.0 (Windows 10) AppComponent should render title FAILED[39m
	Expected undefined to contain 'Marketplace'.
	    at <Jasmine>
	    at UserContext.<anonymous> (src/app/app.component.spec.ts:27:55)
	    at _ZoneDelegate.invoke (polyfills.js:348:158)
	    at ProxyZoneSpec.onInvoke (node_modules/zone.js/fesm2015/zone-testing.js:2081:39)
	    at _ZoneDelegate.invoke (polyfills.js:348:46)
Chrome Headless 145.0.0.0 (Windows 10): Executed 28 of 96[31m (1 FAILED)[39m (0 secs / 0.455 secs)
[1A[2KChrome Headless 145.0.0.0 (Windows 10): Executed 29 of 96[31m (1 FAILED)[39m (0 secs / 0.459 secs)
[1A[2KChrome Headless 145.0.0.0 (Windows 10): Executed 30 of 96[31m (1 FAILED)[39m (0 secs / 0.463 secs)
[1A[2KChrome Headless 145.0.0.0 (Windows 10): Executed 31 of 96[31m (1 FAILED)[39m (0 secs / 0.466 secs)
[1A[2KChrome Headless 145.0.0.0 (Windows 10): Executed 32 of 96[31m (1 FAILED)[39m (0 secs / 0.469 secs)
[1A[2KChrome Headless 145.0.0.0 (Windows 10): Executed 33 of 96[31m (1 FAILED)[39m (0 secs / 0.472 secs)
[1A[2KChrome Headless 145.0.0.0 (Windows 10): Executed 34 of 96[31m (1 FAILED)[39m (0 secs / 0.474 secs)
[1A[2KChrome Headless 145.0.0.0 (Windows 10): Executed 35 of 96[31m (1 FAILED)[39m (0 secs / 0.477 secs)
[1A[2KChrome Headless 145.0.0.0 (Windows 10): Executed 36 of 96[31m (1 FAILED)[39m (0 secs / 0.479 secs)
[1A[2KChrome Headless 145.0.0.0 (Windows 10): Executed 37 of 96[31m (1 FAILED)[39m (0 secs / 0.482 secs)
[1A[2KLOG: [36m'Selected category:', 'all'[39m
Chrome Headless 145.0.0.0 (Windows 10): Executed 37 of 96[31m (1 FAILED)[39m (0 secs / 0.482 secs)
LOG: 'Selected category:', 'all'
[1A[2KChrome Headless 145.0.0.0 (Windows 10): Executed 38 of 96[31m (1 FAILED)[39m (0 secs / 0.527 secs)
05 03 2026 15:58:08.959:WARN [web-server]: 404: /_karma_webpack_/img1.jpg
05 03 2026 15:58:08.960:WARN [web-server]: 404: /_karma_webpack_/img2.jpg
05 03 2026 15:58:08.962:WARN [web-server]: 404: /_karma_webpack_/img3.jpg
05 03 2026 15:58:08.965:WARN [web-server]: 404: /_karma_webpack_/img4.jpg
05 03 2026 15:58:08.967:WARN [web-server]: 404: /_karma_webpack_/img5.jpg
[1A[2KLOG: [36m'Selected category:', 'all'[39m
Chrome Headless 145.0.0.0 (Windows 10): Executed 38 of 96[31m (1 FAILED)[39m (0 secs / 0.527 secs)
LOG: 'Selected category:', 'all'
05 03 2026 15:58:08.969:WARN [web-server]: 404: /_karma_webpack_/img6.jpg
[1A[2KChrome Headless 145.0.0.0 (Windows 10): Executed 39 of 96[31m (1 FAILED)[39m (0 secs / 0.537 secs)
05 03 2026 15:58:08.972:WARN [web-server]: 404: /_karma_webpack_/img7.jpg
05 03 2026 15:58:08.974:WARN [web-server]: 404: /_karma_webpack_/img8.jpg
[1A[2KLOG: [36m'Selected category:', 'all'[39m
Chrome Headless 145.0.0.0 (Windows 10): Executed 39 of 96[31m (1 FAILED)[39m (0 secs / 0.537 secs)
LOG: 'Selected category:', 'all'
[1A[2KChrome Headless 145.0.0.0 (Windows 10): Executed 40 of 96[31m (1 FAILED)[39m (0 secs / 0.545 secs)
05 03 2026 15:58:08.982:WARN [web-server]: 404: /_karma_webpack_/img1.jpg
05 03 2026 15:58:08.983:WARN [web-server]: 404: /_karma_webpack_/img2.jpg
05 03 2026 15:58:08.984:WARN [web-server]: 404: /_karma_webpack_/img3.jpg
05 03 2026 15:58:08.987:WARN [web-server]: 404: /_karma_webpack_/img4.jpg
[1A[2KLOG: [36m'Selected category:', 'all'[39m
Chrome Headless 145.0.0.0 (Windows 10): Executed 40 of 96[31m (1 FAILED)[39m (0 secs / 0.545 secs)
LOG: 'Selected category:', 'all'
[1A[2KChrome Headless 145.0.0.0 (Windows 10): Executed 41 of 96[31m (1 FAILED)[39m (0 secs / 0.555 secs)
05 03 2026 15:58:08.995:WARN [web-server]: 404: /_karma_webpack_/img5.jpg
05 03 2026 15:58:08.997:WARN [web-server]: 404: /_karma_webpack_/img6.jpg
05 03 2026 15:58:08.998:WARN [web-server]: 404: /_karma_webpack_/img7.jpg
05 03 2026 15:58:09.000:WARN [web-server]: 404: /_karma_webpack_/img8.jpg
[1A[2KLOG: [36m'Selected category:', 'all'[39m
Chrome Headless 145.0.0.0 (Windows 10): Executed 41 of 96[31m (1 FAILED)[39m (0 secs / 0.555 secs)
LOG: 'Selected category:', 'all'
[1A[2KChrome Headless 145.0.0.0 (Windows 10): Executed 42 of 96[31m (1 FAILED)[39m (0 secs / 0.563 secs)
05 03 2026 15:58:09.005:WARN [web-server]: 404: /_karma_webpack_/img1.jpg
05 03 2026 15:58:09.007:WARN [web-server]: 404: /_karma_webpack_/img2.jpg
05 03 2026 15:58:09.008:WARN [web-server]: 404: /_karma_webpack_/img3.jpg
05 03 2026 15:58:09.011:WARN [web-server]: 404: /_karma_webpack_/img4.jpg
[1A[2KLOG: [36m'Selected category:', 'all'[39m
Chrome Headless 145.0.0.0 (Windows 10): Executed 42 of 96[31m (1 FAILED)[39m (0 secs / 0.563 secs)
LOG: 'Selected category:', 'all'
[1A[2KChrome Headless 145.0.0.0 (Windows 10): Executed 43 of 96[31m (1 FAILED)[39m (0 secs / 0.573 secs)
05 03 2026 15:58:09.017:WARN [web-server]: 404: /_karma_webpack_/img5.jpg
05 03 2026 15:58:09.018:WARN [web-server]: 404: /_karma_webpack_/img6.jpg
05 03 2026 15:58:09.020:WARN [web-server]: 404: /_karma_webpack_/img7.jpg
05 03 2026 15:58:09.021:WARN [web-server]: 404: /_karma_webpack_/img8.jpg
[1A[2KLOG: [36m'Selected category:', 'all'[39m
Chrome Headless 145.0.0.0 (Windows 10): Executed 43 of 96[31m (1 FAILED)[39m (0 secs / 0.573 secs)
LOG: 'Selected category:', 'all'
[1A[2KChrome Headless 145.0.0.0 (Windows 10): Executed 44 of 96[31m (1 FAILED)[39m (0 secs / 0.58 secs)
05 03 2026 15:58:09.027:WARN [web-server]: 404: /_karma_webpack_/img1.jpg
05 03 2026 15:58:09.029:WARN [web-server]: 404: /_karma_webpack_/img2.jpg
05 03 2026 15:58:09.030:WARN [web-server]: 404: /_karma_webpack_/img3.jpg
05 03 2026 15:58:09.031:WARN [web-server]: 404: /_karma_webpack_/img4.jpg
[1A[2KLOG: [36m'Selected category:', 'all'[39m
Chrome Headless 145.0.0.0 (Windows 10): Executed 44 of 96[31m (1 FAILED)[39m (0 secs / 0.58 secs)
LOG: 'Selected category:', 'all'
[1A[2KChrome Headless 145.0.0.0 (Windows 10): Executed 45 of 96[31m (1 FAILED)[39m (0 secs / 0.59 secs)
05 03 2026 15:58:09.040:WARN [web-server]: 404: /_karma_webpack_/img5.jpg
05 03 2026 15:58:09.042:WARN [web-server]: 404: /_karma_webpack_/img6.jpg
05 03 2026 15:58:09.043:WARN [web-server]: 404: /_karma_webpack_/img7.jpg
05 03 2026 15:58:09.044:WARN [web-server]: 404: /_karma_webpack_/img8.jpg
[1A[2KLOG: [36m'Selected category:', 'all'[39m
Chrome Headless 145.0.0.0 (Windows 10): Executed 45 of 96[31m (1 FAILED)[39m (0 secs / 0.59 secs)
LOG: 'Selected category:', 'all'
[1A[2KChrome Headless 145.0.0.0 (Windows 10): Executed 46 of 96[31m (1 FAILED)[39m (0 secs / 0.599 secs)
05 03 2026 15:58:09.051:WARN [web-server]: 404: /_karma_webpack_/img1.jpg
05 03 2026 15:58:09.053:WARN [web-server]: 404: /_karma_webpack_/img2.jpg
05 03 2026 15:58:09.054:WARN [web-server]: 404: /_karma_webpack_/img3.jpg
05 03 2026 15:58:09.056:WARN [web-server]: 404: /_karma_webpack_/img4.jpg
[1A[2KLOG: [36m'Selected category:', 'all'[39m
Chrome Headless 145.0.0.0 (Windows 10): Executed 46 of 96[31m (1 FAILED)[39m (0 secs / 0.599 secs)
LOG: 'Selected category:', 'all'
[1A[2KLOG: [36m'Selected category:', 'electronics'[39m
Chrome Headless 145.0.0.0 (Windows 10): Executed 46 of 96[31m (1 FAILED)[39m (0 secs / 0.599 secs)
LOG: 'Selected category:', 'electronics'
[1A[2KChrome Headless 145.0.0.0 (Windows 10): Executed 47 of 96[31m (1 FAILED)[39m (0 secs / 0.607 secs)
05 03 2026 15:58:09.063:WARN [web-server]: 404: /_karma_webpack_/img5.jpg
05 03 2026 15:58:09.064:WARN [web-server]: 404: /_karma_webpack_/img6.jpg
05 03 2026 15:58:09.065:WARN [web-server]: 404: /_karma_webpack_/img7.jpg
05 03 2026 15:58:09.067:WARN [web-server]: 404: /_karma_webpack_/img8.jpg
[1A[2KLOG: [36m'Selected category:', 'all'[39m
Chrome Headless 145.0.0.0 (Windows 10): Executed 47 of 96[31m (1 FAILED)[39m (0 secs / 0.607 secs)
LOG: 'Selected category:', 'all'
[1A[2KChrome Headless 145.0.0.0 (Windows 10): Executed 48 of 96[31m (1 FAILED)[39m (0 secs / 0.615 secs)
05 03 2026 15:58:09.073:WARN [web-server]: 404: /_karma_webpack_/img1.jpg
05 03 2026 15:58:09.074:WARN [web-server]: 404: /_karma_webpack_/img2.jpg
05 03 2026 15:58:09.076:WARN [web-server]: 404: /_karma_webpack_/img3.jpg
05 03 2026 15:58:09.077:WARN [web-server]: 404: /_karma_webpack_/img4.jpg
[1A[2KLOG: [36m'Selected category:', 'all'[39m
Chrome Headless 145.0.0.0 (Windows 10): Executed 48 of 96[31m (1 FAILED)[39m (0 secs / 0.615 secs)
LOG: 'Selected category:', 'all'
[1A[2KChrome Headless 145.0.0.0 (Windows 10): Executed 49 of 96[31m (1 FAILED)[39m (0 secs / 0.624 secs)
05 03 2026 15:58:09.085:WARN [web-server]: 404: /_karma_webpack_/img5.jpg
05 03 2026 15:58:09.086:WARN [web-server]: 404: /_karma_webpack_/img6.jpg
[1A[2KLOG: [36m'Selected category:', 'all'[39m
Chrome Headless 145.0.0.0 (Windows 10): Executed 49 of 96[31m (1 FAILED)[39m (0 secs / 0.624 secs)
LOG: 'Selected category:', 'all'
[1A[2KChrome Headless 145.0.0.0 (Windows 10): Executed 50 of 96[31m (1 FAILED)[39m (0 secs / 0.632 secs)
05 03 2026 15:58:09.096:WARN [web-server]: 404: /_karma_webpack_/img7.jpg
05 03 2026 15:58:09.097:WARN [web-server]: 404: /_karma_webpack_/img8.jpg
[1A[2KLOG: [36m'Selected category:', 'all'[39m
Chrome Headless 145.0.0.0 (Windows 10): Executed 50 of 96[31m (1 FAILED)[39m (0 secs / 0.632 secs)
LOG: 'Selected category:', 'all'
05 03 2026 15:58:09.104:WARN [web-server]: 404: /_karma_webpack_/img1.jpg
05 03 2026 15:58:09.105:WARN [web-server]: 404: /_karma_webpack_/img2.jpg
[1A[2KLOG: [36m'Selected category:', 'Electronics'[39m
Chrome Headless 145.0.0.0 (Windows 10): Executed 50 of 96[31m (1 FAILED)[39m (0 secs / 0.632 secs)
LOG: 'Selected category:', 'Electronics'
[1A[2KChrome Headless 145.0.0.0 (Windows 10): Executed 51 of 96[31m (1 FAILED)[39m (0 secs / 0.642 secs)
05 03 2026 15:58:09.109:WARN [web-server]: 404: /_karma_webpack_/img3.jpg
05 03 2026 15:58:09.110:WARN [web-server]: 404: /_karma_webpack_/img4.jpg
[1A[2KLOG: [36m'Selected category:', 'all'[39m
Chrome Headless 145.0.0.0 (Windows 10): Executed 51 of 96[31m (1 FAILED)[39m (0 secs / 0.642 secs)
LOG: 'Selected category:', 'all'
[1A[2KChrome Headless 145.0.0.0 (Windows 10): Executed 52 of 96[31m (1 FAILED)[39m (0 secs / 0.65 secs)
05 03 2026 15:58:09.122:WARN [web-server]: 404: /_karma_webpack_/img9.jpg
05 03 2026 15:58:09.123:WARN [web-server]: 404: /_karma_webpack_/img10.jpg
[1A[2KLOG: [36m'Selected category:', 'all'[39m
Chrome Headless 145.0.0.0 (Windows 10): Executed 52 of 96[31m (1 FAILED)[39m (0 secs / 0.65 secs)
LOG: 'Selected category:', 'all'
05 03 2026 15:58:09.127:WARN [web-server]: 404: /_karma_webpack_/img5.jpg
05 03 2026 15:58:09.128:WARN [web-server]: 404: /_karma_webpack_/img6.jpg
[1A[2KChrome Headless 145.0.0.0 (Windows 10): Executed 53 of 96[31m (1 FAILED)[39m (0 secs / 0.66 secs)
05 03 2026 15:58:09.132:WARN [web-server]: 404: /_karma_webpack_/img7.jpg
05 03 2026 15:58:09.133:WARN [web-server]: 404: /_karma_webpack_/img8.jpg
05 03 2026 15:58:09.136:WARN [web-server]: 404: /_karma_webpack_/img1.jpg
05 03 2026 15:58:09.138:WARN [web-server]: 404: /_karma_webpack_/img2.jpg
05 03 2026 15:58:09.139:WARN [web-server]: 404: /_karma_webpack_/img3.jpg
[1A[2KLOG: [36m'Selected category:', 'all'[39m
Chrome Headless 145.0.0.0 (Windows 10): Executed 53 of 96[31m (1 FAILED)[39m (0 secs / 0.66 secs)
LOG: 'Selected category:', 'all'
[1A[2KChrome Headless 145.0.0.0 (Windows 10): Executed 54 of 96[31m (1 FAILED)[39m (0 secs / 0.669 secs)
05 03 2026 15:58:09.141:WARN [web-server]: 404: /_karma_webpack_/img4.jpg
[1A[2KLOG: [36m'Selected category:', 'all'[39m
Chrome Headless 145.0.0.0 (Windows 10): Executed 54 of 96[31m (1 FAILED)[39m (0 secs / 0.669 secs)
LOG: 'Selected category:', 'all'
[1A[2KChrome Headless 145.0.0.0 (Windows 10): Executed 55 of 96[31m (1 FAILED)[39m (0 secs / 0.677 secs)
05 03 2026 15:58:09.161:WARN [web-server]: 404: /_karma_webpack_/img1.jpg
[1A[2KLOG: [36m'Selected category:', 'all'[39m
Chrome Headless 145.0.0.0 (Windows 10): Executed 55 of 96[31m (1 FAILED)[39m (0 secs / 0.677 secs)
LOG: 'Selected category:', 'all'
05 03 2026 15:58:09.162:WARN [web-server]: 404: /_karma_webpack_/img2.jpg
[1A[2KChrome Headless 145.0.0.0 (Windows 10): Executed 56 of 96[31m (1 FAILED)[39m (0 secs / 0.686 secs)
05 03 2026 15:58:09.166:WARN [web-server]: 404: /_karma_webpack_/img3.jpg
05 03 2026 15:58:09.168:WARN [web-server]: 404: /_karma_webpack_/img4.jpg
05 03 2026 15:58:09.171:WARN [web-server]: 404: /_karma_webpack_/img5.jpg
[1A[2KLOG: [36m'Selected category:', 'all'[39m
Chrome Headless 145.0.0.0 (Windows 10): Executed 56 of 96[31m (1 FAILED)[39m (0 secs / 0.686 secs)
LOG: 'Selected category:', 'all'
05 03 2026 15:58:09.173:WARN [web-server]: 404: /_karma_webpack_/img6.jpg
05 03 2026 15:58:09.174:WARN [web-server]: 404: /_karma_webpack_/img7.jpg
[1A[2KChrome Headless 145.0.0.0 (Windows 10): Executed 57 of 96[31m (1 FAILED)[39m (0 secs / 0.696 secs)
05 03 2026 15:58:09.178:WARN [web-server]: 404: /_karma_webpack_/img8.jpg
05 03 2026 15:58:09.179:WARN [web-server]: 404: /_karma_webpack_/img9.jpg
05 03 2026 15:58:09.182:WARN [web-server]: 404: /_karma_webpack_/img10.jpg
[1A[2KLOG: [36m'Selected category:', 'all'[39m
Chrome Headless 145.0.0.0 (Windows 10): Executed 57 of 96[31m (1 FAILED)[39m (0 secs / 0.696 secs)
LOG: 'Selected category:', 'all'
[1A[2KChrome Headless 145.0.0.0 (Windows 10): Executed 58 of 96[31m (1 FAILED)[39m (0 secs / 0.704 secs)
05 03 2026 15:58:09.189:WARN [web-server]: 404: /_karma_webpack_/img1.jpg
05 03 2026 15:58:09.190:WARN [web-server]: 404: /_karma_webpack_/img2.jpg
05 03 2026 15:58:09.193:WARN [web-server]: 404: /_karma_webpack_/img3.jpg
05 03 2026 15:58:09.197:WARN [web-server]: 404: /_karma_webpack_/img4.jpg
05 03 2026 15:58:09.199:WARN [web-server]: 404: /_karma_webpack_/img5.jpg
[1A[2KLOG: [36m'Selected category:', 'all'[39m
Chrome Headless 145.0.0.0 (Windows 10): Executed 58 of 96[31m (1 FAILED)[39m (0 secs / 0.704 secs)
LOG: 'Selected category:', 'all'
[1A[2KChrome Headless 145.0.0.0 (Windows 10): Executed 59 of 96[31m (1 FAILED)[39m (0 secs / 0.713 secs)
05 03 2026 15:58:09.204:WARN [web-server]: 404: /_karma_webpack_/img6.jpg
05 03 2026 15:58:09.205:WARN [web-server]: 404: /_karma_webpack_/img7.jpg
[1A[2KLOG: [36m'Selected category:', 'all'[39m
Chrome Headless 145.0.0.0 (Windows 10): Executed 59 of 96[31m (1 FAILED)[39m (0 secs / 0.713 secs)
LOG: 'Selected category:', 'all'
05 03 2026 15:58:09.212:WARN [web-server]: 404: /_karma_webpack_/img8.jpg
05 03 2026 15:58:09.214:WARN [web-server]: 404: /_karma_webpack_/img9.jpg
05 03 2026 15:58:09.217:WARN [web-server]: 404: /_karma_webpack_/img10.jpg
[1A[2KChrome Headless 145.0.0.0 (Windows 10): Executed 60 of 96[31m (1 FAILED)[39m (0 secs / 0.725 secs)
05 03 2026 15:58:09.220:WARN [web-server]: 404: /_karma_webpack_/img1.jpg
05 03 2026 15:58:09.223:WARN [web-server]: 404: /_karma_webpack_/img2.jpg
05 03 2026 15:58:09.224:WARN [web-server]: 404: /_karma_webpack_/img3.jpg
05 03 2026 15:58:09.226:WARN [web-server]: 404: /_karma_webpack_/img4.jpg
05 03 2026 15:58:09.227:WARN [web-server]: 404: /_karma_webpack_/img5.jpg
[1A[2KLOG: [36m'Selected category:', 'all'[39m
Chrome Headless 145.0.0.0 (Windows 10): Executed 60 of 96[31m (1 FAILED)[39m (0 secs / 0.725 secs)
LOG: 'Selected category:', 'all'
[1A[2KChrome Headless 145.0.0.0 (Windows 10): Executed 61 of 96[31m (1 FAILED)[39m (0 secs / 0.732 secs)
05 03 2026 15:58:09.231:WARN [web-server]: 404: /_karma_webpack_/img6.jpg
05 03 2026 15:58:09.233:WARN [web-server]: 404: /_karma_webpack_/img7.jpg
05 03 2026 15:58:09.238:WARN [web-server]: 404: /_karma_webpack_/img8.jpg
[1A[2KLOG: [36m'Selected category:', 'all'[39m
Chrome Headless 145.0.0.0 (Windows 10): Executed 61 of 96[31m (1 FAILED)[39m (0 secs / 0.732 secs)
LOG: 'Selected category:', 'all'
[1A[2KChrome Headless 145.0.0.0 (Windows 10): Executed 62 of 96[31m (1 FAILED)[39m (0 secs / 0.746 secs)
05 03 2026 15:58:09.253:WARN [web-server]: 404: /_karma_webpack_/img1.jpg
05 03 2026 15:58:09.254:WARN [web-server]: 404: /_karma_webpack_/img2.jpg
[1A[2KLOG: [36m'Selected category:', 'all'[39m
Chrome Headless 145.0.0.0 (Windows 10): Executed 62 of 96[31m (1 FAILED)[39m (0 secs / 0.746 secs)
LOG: 'Selected category:', 'all'
05 03 2026 15:58:09.257:WARN [web-server]: 404: /_karma_webpack_/img3.jpg
[1A[2KChrome Headless 145.0.0.0 (Windows 10): Executed 63 of 96[31m (1 FAILED)[39m (0 secs / 0.754 secs)
05 03 2026 15:58:09.260:WARN [web-server]: 404: /_karma_webpack_/img9.jpg
05 03 2026 15:58:09.263:WARN [web-server]: 404: /_karma_webpack_/img10.jpg
[1A[2KLOG: [36m'Selected category:', 'all'[39m
Chrome Headless 145.0.0.0 (Windows 10): Executed 63 of 96[31m (1 FAILED)[39m (0 secs / 0.754 secs)
LOG: 'Selected category:', 'all'
[1A[2KChrome Headless 145.0.0.0 (Windows 10): Executed 64 of 96[31m (1 FAILED)[39m (0 secs / 0.76 secs)
05 03 2026 15:58:09.270:WARN [web-server]: 404: /_karma_webpack_/img4.jpg
05 03 2026 15:58:09.271:WARN [web-server]: 404: /_karma_webpack_/img5.jpg
05 03 2026 15:58:09.282:WARN [web-server]: 404: /_karma_webpack_/img6.jpg
05 03 2026 15:58:09.286:WARN [web-server]: 404: /_karma_webpack_/img7.jpg
05 03 2026 15:58:09.287:WARN [web-server]: 404: /_karma_webpack_/img8.jpg
05 03 2026 15:58:09.288:WARN [web-server]: 404: /_karma_webpack_/img1.jpg
[1A[2KLOG: [36m'Selected category:', 'all'[39m
Chrome Headless 145.0.0.0 (Windows 10): Executed 64 of 96[31m (1 FAILED)[39m (0 secs / 0.76 secs)
LOG: 'Selected category:', 'all'
[1A[2KChrome Headless 145.0.0.0 (Windows 10): Executed 65 of 96[31m (1 FAILED)[39m (0 secs / 0.793 secs)
[1A[2KLOG: [36m'Selected category:', 'all'[39m
Chrome Headless 145.0.0.0 (Windows 10): Executed 65 of 96[31m (1 FAILED)[39m (0 secs / 0.793 secs)
LOG: 'Selected category:', 'all'
[1A[2KChrome Headless 145.0.0.0 (Windows 10): Executed 66 of 96[31m (1 FAILED)[39m (0 secs / 0.799 secs)
05 03 2026 15:58:09.318:WARN [web-server]: 404: /_karma_webpack_/img1.jpg
[1A[2KLOG: [36m'Selected category:', 'all'[39m
Chrome Headless 145.0.0.0 (Windows 10): Executed 66 of 96[31m (1 FAILED)[39m (0 secs / 0.799 secs)
LOG: 'Selected category:', 'all'
[1A[2KChrome Headless 145.0.0.0 (Windows 10): Executed 67 of 96[31m (1 FAILED)[39m (0 secs / 0.805 secs)
05 03 2026 15:58:09.321:WARN [web-server]: 404: /_karma_webpack_/img2.jpg
05 03 2026 15:58:09.322:WARN [web-server]: 404: /_karma_webpack_/img3.jpg
05 03 2026 15:58:09.323:WARN [web-server]: 404: /_karma_webpack_/img4.jpg
05 03 2026 15:58:09.324:WARN [web-server]: 404: /_karma_webpack_/img5.jpg
05 03 2026 15:58:09.325:WARN [web-server]: 404: /_karma_webpack_/img6.jpg
[1A[2KLOG: [36m'Selected category:', 'all'[39m
Chrome Headless 145.0.0.0 (Windows 10): Executed 67 of 96[31m (1 FAILED)[39m (0 secs / 0.805 secs)
LOG: 'Selected category:', 'all'
[1A[2KChrome Headless 145.0.0.0 (Windows 10): Executed 68 of 96[31m (1 FAILED)[39m (0 secs / 0.813 secs)
05 03 2026 15:58:09.330:WARN [web-server]: 404: /_karma_webpack_/img7.jpg
05 03 2026 15:58:09.333:WARN [web-server]: 404: /_karma_webpack_/img8.jpg
[1A[2KLOG: [36m'Selected category:', 'all'[39m
Chrome Headless 145.0.0.0 (Windows 10): Executed 68 of 96[31m (1 FAILED)[39m (0 secs / 0.813 secs)
LOG: 'Selected category:', 'all'
[1A[2KChrome Headless 145.0.0.0 (Windows 10): Executed 69 of 96[31m (1 FAILED)[39m (0 secs / 0.821 secs)
05 03 2026 15:58:09.345:WARN [web-server]: 404: /_karma_webpack_/img1.jpg
05 03 2026 15:58:09.346:WARN [web-server]: 404: /_karma_webpack_/img2.jpg
05 03 2026 15:58:09.347:WARN [web-server]: 404: /_karma_webpack_/img3.jpg
[1A[2KLOG: [36m'Selected category:', 'all'[39m
Chrome Headless 145.0.0.0 (Windows 10): Executed 69 of 96[31m (1 FAILED)[39m (0 secs / 0.821 secs)
LOG: 'Selected category:', 'all'
[1A[2KChrome Headless 145.0.0.0 (Windows 10): Executed 70 of 96[31m (1 FAILED)[39m (0 secs / 0.831 secs)
05 03 2026 15:58:09.361:WARN [web-server]: 404: /_karma_webpack_/img4.jpg
05 03 2026 15:58:09.362:WARN [web-server]: 404: /_karma_webpack_/img5.jpg
05 03 2026 15:58:09.363:WARN [web-server]: 404: /_karma_webpack_/img6.jpg
[1A[2KLOG: [36m'Selected category:', 'all'[39m
Chrome Headless 145.0.0.0 (Windows 10): Executed 70 of 96[31m (1 FAILED)[39m (0 secs / 0.831 secs)
LOG: 'Selected category:', 'all'
05 03 2026 15:58:09.365:WARN [web-server]: 404: /_karma_webpack_/img7.jpg
05 03 2026 15:58:09.367:WARN [web-server]: 404: /_karma_webpack_/img8.jpg
[1A[2KChrome Headless 145.0.0.0 (Windows 10): Executed 71 of 96[31m (1 FAILED)[39m (0 secs / 0.839 secs)
05 03 2026 15:58:09.370:WARN [web-server]: 404: /_karma_webpack_/img9.jpg
[1A[2KLOG: [36m'Selected category:', 'all'[39m
Chrome Headless 145.0.0.0 (Windows 10): Executed 71 of 96[31m (1 FAILED)[39m (0 secs / 0.839 secs)
LOG: 'Selected category:', 'all'
[1A[2KChrome Headless 145.0.0.0 (Windows 10): Executed 72 of 96[31m (1 FAILED)[39m (0 secs / 0.846 secs)
05 03 2026 15:58:09.377:WARN [web-server]: 404: /_karma_webpack_/img10.jpg
05 03 2026 15:58:09.378:WARN [web-server]: 404: /_karma_webpack_/img1.jpg
05 03 2026 15:58:09.379:WARN [web-server]: 404: /_karma_webpack_/img2.jpg
05 03 2026 15:58:09.380:WARN [web-server]: 404: /_karma_webpack_/img3.jpg
[1A[2KLOG: [36m'Selected category:', 'all'[39m
Chrome Headless 145.0.0.0 (Windows 10): Executed 72 of 96[31m (1 FAILED)[39m (0 secs / 0.846 secs)
LOG: 'Selected category:', 'all'
[1A[2KChrome Headless 145.0.0.0 (Windows 10): Executed 73 of 96[31m (1 FAILED)[39m (0 secs / 0.854 secs)
05 03 2026 15:58:09.392:WARN [web-server]: 404: /_karma_webpack_/img4.jpg
05 03 2026 15:58:09.393:WARN [web-server]: 404: /_karma_webpack_/img5.jpg
05 03 2026 15:58:09.394:WARN [web-server]: 404: /_karma_webpack_/img6.jpg
05 03 2026 15:58:09.396:WARN [web-server]: 404: /_karma_webpack_/img7.jpg
05 03 2026 15:58:09.397:WARN [web-server]: 404: /_karma_webpack_/img8.jpg
[1A[2KLOG: [36m'Selected category:', 'all'[39m
Chrome Headless 145.0.0.0 (Windows 10): Executed 73 of 96[31m (1 FAILED)[39m (0 secs / 0.854 secs)
LOG: 'Selected category:', 'all'
[1A[2KChrome Headless 145.0.0.0 (Windows 10): Executed 74 of 96[31m (1 FAILED)[39m (0 secs / 0.864 secs)
05 03 2026 15:58:09.406:WARN [web-server]: 404: /_karma_webpack_/img1.jpg
05 03 2026 15:58:09.408:WARN [web-server]: 404: /_karma_webpack_/img2.jpg
05 03 2026 15:58:09.409:WARN [web-server]: 404: /_karma_webpack_/img3.jpg
[1A[2KLOG: [36m'Selected category:', 'all'[39m
Chrome Headless 145.0.0.0 (Windows 10): Executed 74 of 96[31m (1 FAILED)[39m (0 secs / 0.864 secs)
LOG: 'Selected category:', 'all'
[1A[2KChrome Headless 145.0.0.0 (Windows 10): Executed 75 of 96[31m (1 FAILED)[39m (0 secs / 0.871 secs)
05 03 2026 15:58:09.415:WARN [web-server]: 404: /_karma_webpack_/img4.jpg
05 03 2026 15:58:09.416:WARN [web-server]: 404: /_karma_webpack_/img5.jpg
05 03 2026 15:58:09.417:WARN [web-server]: 404: /_karma_webpack_/img6.jpg
05 03 2026 15:58:09.418:WARN [web-server]: 404: /_karma_webpack_/img7.jpg
05 03 2026 15:58:09.420:WARN [web-server]: 404: /_karma_webpack_/img8.jpg
[1A[2KLOG: [36m'Selected category:', 'all'[39m
Chrome Headless 145.0.0.0 (Windows 10): Executed 75 of 96[31m (1 FAILED)[39m (0 secs / 0.871 secs)
LOG: 'Selected category:', 'all'
[1A[2KChrome Headless 145.0.0.0 (Windows 10): Executed 76 of 96[31m (1 FAILED)[39m (0 secs / 0.879 secs)
05 03 2026 15:58:09.425:WARN [web-server]: 404: /_karma_webpack_/img1.jpg
05 03 2026 15:58:09.427:WARN [web-server]: 404: /_karma_webpack_/img2.jpg
05 03 2026 15:58:09.428:WARN [web-server]: 404: /_karma_webpack_/img3.jpg
[1A[2KLOG: [36m'Selected category:', 'all'[39m
Chrome Headless 145.0.0.0 (Windows 10): Executed 76 of 96[31m (1 FAILED)[39m (0 secs / 0.879 secs)
LOG: 'Selected category:', 'all'
[1A[2KChrome Headless 145.0.0.0 (Windows 10): Executed 77 of 96[31m (1 FAILED)[39m (0 secs / 0.888 secs)
05 03 2026 15:58:09.440:WARN [web-server]: 404: /_karma_webpack_/img4.jpg
05 03 2026 15:58:09.442:WARN [web-server]: 404: /_karma_webpack_/img5.jpg
05 03 2026 15:58:09.443:WARN [web-server]: 404: /_karma_webpack_/img6.jpg
05 03 2026 15:58:09.444:WARN [web-server]: 404: /_karma_webpack_/img7.jpg
05 03 2026 15:58:09.445:WARN [web-server]: 404: /_karma_webpack_/img8.jpg
[1A[2KLOG: [36m'Selected category:', 'all'[39m
Chrome Headless 145.0.0.0 (Windows 10): Executed 77 of 96[31m (1 FAILED)[39m (0 secs / 0.888 secs)
LOG: 'Selected category:', 'all'
[1A[2KChrome Headless 145.0.0.0 (Windows 10): Executed 78 of 96[31m (1 FAILED)[39m (0 secs / 0.894 secs)
05 03 2026 15:58:09.449:WARN [web-server]: 404: /_karma_webpack_/img1.jpg
[1A[2KLOG: [36m'Selected category:', 'all'[39m
Chrome Headless 145.0.0.0 (Windows 10): Executed 78 of 96[31m (1 FAILED)[39m (0 secs / 0.894 secs)
LOG: 'Selected category:', 'all'
05 03 2026 15:58:09.455:WARN [web-server]: 404: /_karma_webpack_/img2.jpg
05 03 2026 15:58:09.457:WARN [web-server]: 404: /_karma_webpack_/img3.jpg
[1A[2KChrome Headless 145.0.0.0 (Windows 10): Executed 79 of 96[31m (1 FAILED)[39m (0 secs / 0.9 secs)
[1A[2KLOG: [36m'Selected category:', 'all'[39m
Chrome Headless 145.0.0.0 (Windows 10): Executed 79 of 96[31m (1 FAILED)[39m (0 secs / 0.9 secs)
LOG: 'Selected category:', 'all'
[1A[2KChrome Headless 145.0.0.0 (Windows 10): Executed 80 of 96[31m (1 FAILED)[39m (0 secs / 0.906 secs)
[1A[2KLOG: [36m'Selected category:', 'all'[39m
Chrome Headless 145.0.0.0 (Windows 10): Executed 80 of 96[31m (1 FAILED)[39m (0 secs / 0.906 secs)
LOG: 'Selected category:', 'all'
[1A[2KChrome Headless 145.0.0.0 (Windows 10): Executed 81 of 96[31m (1 FAILED)[39m (0 secs / 0.912 secs)
[1A[2KLOG: [36m'Selected category:', 'all'[39m
Chrome Headless 145.0.0.0 (Windows 10): Executed 81 of 96[31m (1 FAILED)[39m (0 secs / 0.912 secs)
LOG: 'Selected category:', 'all'
[1A[2KChrome Headless 145.0.0.0 (Windows 10): Executed 82 of 96[31m (1 FAILED)[39m (0 secs / 0.917 secs)
05 03 2026 15:58:09.479:WARN [web-server]: 404: /_karma_webpack_/img4.jpg
05 03 2026 15:58:09.480:WARN [web-server]: 404: /_karma_webpack_/img5.jpg
05 03 2026 15:58:09.481:WARN [web-server]: 404: /_karma_webpack_/img6.jpg
05 03 2026 15:58:09.482:WARN [web-server]: 404: /_karma_webpack_/img7.jpg
[1A[2KLOG: [36m'Selected category:', 'all'[39m
Chrome Headless 145.0.0.0 (Windows 10): Executed 82 of 96[31m (1 FAILED)[39m (0 secs / 0.917 secs)
LOG: 'Selected category:', 'all'
[1A[2KChrome Headless 145.0.0.0 (Windows 10): Executed 83 of 96[31m (1 FAILED)[39m (0 secs / 0.924 secs)
05 03 2026 15:58:09.489:WARN [web-server]: 404: /_karma_webpack_/img8.jpg
[1A[2KLOG: [36m'Selected category:', 'all'[39m
Chrome Headless 145.0.0.0 (Windows 10): Executed 83 of 96[31m (1 FAILED)[39m (0 secs / 0.924 secs)
LOG: 'Selected category:', 'all'
[1A[2KChrome Headless 145.0.0.0 (Windows 10): Executed 84 of 96[31m (1 FAILED)[39m (0 secs / 0.93 secs)
[1A[2KLOG: [36m'Selected category:', 'all'[39m
Chrome Headless 145.0.0.0 (Windows 10): Executed 84 of 96[31m (1 FAILED)[39m (0 secs / 0.93 secs)
LOG: 'Selected category:', 'all'
05 03 2026 15:58:09.500:WARN [web-server]: 404: /_karma_webpack_/img1.jpg
05 03 2026 15:58:09.502:WARN [web-server]: 404: /_karma_webpack_/img2.jpg
05 03 2026 15:58:09.503:WARN [web-server]: 404: /_karma_webpack_/img3.jpg
[1A[2KChrome Headless 145.0.0.0 (Windows 10): Executed 85 of 96[31m (1 FAILED)[39m (0 secs / 0.937 secs)
[1A[2KLOG: [36m'Selected category:', 'all'[39m
Chrome Headless 145.0.0.0 (Windows 10): Executed 85 of 96[31m (1 FAILED)[39m (0 secs / 0.937 secs)
LOG: 'Selected category:', 'all'
[1A[2KChrome Headless 145.0.0.0 (Windows 10): Executed 86 of 96[31m (1 FAILED)[39m (0 secs / 0.943 secs)
05 03 2026 15:58:09.516:WARN [web-server]: 404: /_karma_webpack_/img4.jpg
05 03 2026 15:58:09.517:WARN [web-server]: 404: /_karma_webpack_/img5.jpg
05 03 2026 15:58:09.518:WARN [web-server]: 404: /_karma_webpack_/img6.jpg
05 03 2026 15:58:09.519:WARN [web-server]: 404: /_karma_webpack_/img7.jpg
05 03 2026 15:58:09.520:WARN [web-server]: 404: /_karma_webpack_/img8.jpg
[1A[2KLOG: [36m'Selected category:', 'all'[39m
Chrome Headless 145.0.0.0 (Windows 10): Executed 86 of 96[31m (1 FAILED)[39m (0 secs / 0.943 secs)
LOG: 'Selected category:', 'all'
[1A[2KChrome Headless 145.0.0.0 (Windows 10): Executed 87 of 96[31m (1 FAILED)[39m (0 secs / 0.95 secs)
[1A[2KLOG: [36m'Selected category:', 'all'[39m
Chrome Headless 145.0.0.0 (Windows 10): Executed 87 of 96[31m (1 FAILED)[39m (0 secs / 0.95 secs)
LOG: 'Selected category:', 'all'
[1A[2KLOG: [36m'Selected category:', 'Audio'[39m
Chrome Headless 145.0.0.0 (Windows 10): Executed 87 of 96[31m (1 FAILED)[39m (0 secs / 0.95 secs)
LOG: 'Selected category:', 'Audio'
05 03 2026 15:58:09.538:WARN [web-server]: 404: /_karma_webpack_/img1.jpg
05 03 2026 15:58:09.539:WARN [web-server]: 404: /_karma_webpack_/img2.jpg
05 03 2026 15:58:09.540:WARN [web-server]: 404: /_karma_webpack_/img3.jpg
[1A[2KChrome Headless 145.0.0.0 (Windows 10): Executed 88 of 96[31m (1 FAILED)[39m (0 secs / 0.986 secs)
[1A[2KLOG: [36m'Selected category:', 'all'[39m
Chrome Headless 145.0.0.0 (Windows 10): Executed 88 of 96[31m (1 FAILED)[39m (0 secs / 0.986 secs)
LOG: 'Selected category:', 'all'
[1A[2K[31mChrome Headless 145.0.0.0 (Windows 10) ProductsGridComponent Category Handling should reset currentPage when switching back to "all" FAILED[39m
	Expected 2 to be 1.
	    at <Jasmine>
	    at src/app/pages/products-grid/products-grid.component.spec.ts:260:41
	    at timer (polyfills.js:1761:27)
	    at _ZoneDelegate.invokeTask (polyfills.js:373:171)
	    at ProxyZoneSpec.onInvokeTask (node_modules/zone.js/fesm2015/zone-testing.js:2112:39)
Chrome Headless 145.0.0.0 (Windows 10): Executed 89 of 96[31m (2 FAILED)[39m (0 secs / 0.996 secs)
05 03 2026 15:58:09.570:WARN [web-server]: 404: /_karma_webpack_/img4.jpg
05 03 2026 15:58:09.571:WARN [web-server]: 404: /_karma_webpack_/img5.jpg
05 03 2026 15:58:09.572:WARN [web-server]: 404: /_karma_webpack_/img6.jpg
05 03 2026 15:58:09.573:WARN [web-server]: 404: /_karma_webpack_/img7.jpg
05 03 2026 15:58:09.573:WARN [web-server]: 404: /_karma_webpack_/img8.jpg
05 03 2026 15:58:09.574:WARN [web-server]: 404: /_karma_webpack_/img9.jpg
[1A[2KLOG: [36m'Selected category:', 'all'[39m
Chrome Headless 145.0.0.0 (Windows 10): Executed 89 of 96[31m (2 FAILED)[39m (0 secs / 0.996 secs)
LOG: 'Selected category:', 'all'
[1A[2KChrome Headless 145.0.0.0 (Windows 10): Executed 90 of 96[31m (2 FAILED)[39m (0 secs / 1.004 secs)
[1A[2KLOG: [36m'Selected category:', 'all'[39m
Chrome Headless 145.0.0.0 (Windows 10): Executed 90 of 96[31m (2 FAILED)[39m (0 secs / 1.004 secs)
LOG: 'Selected category:', 'all'
[1A[2KChrome Headless 145.0.0.0 (Windows 10): Executed 91 of 96[31m (2 FAILED)[39m (0 secs / 1.009 secs)
05 03 2026 15:58:09.587:WARN [web-server]: 404: /_karma_webpack_/img10.jpg
05 03 2026 15:58:09.588:WARN [web-server]: 404: /_karma_webpack_/img1.jpg
05 03 2026 15:58:09.589:WARN [web-server]: 404: /_karma_webpack_/img2.jpg
05 03 2026 15:58:09.590:WARN [web-server]: 404: /_karma_webpack_/img3.jpg
[1A[2KLOG: [36m'Selected category:', 'all'[39m
Chrome Headless 145.0.0.0 (Windows 10): Executed 91 of 96[31m (2 FAILED)[39m (0 secs / 1.009 secs)
LOG: 'Selected category:', 'all'
[1A[2KChrome Headless 145.0.0.0 (Windows 10): Executed 92 of 96[31m (2 FAILED)[39m (0 secs / 1.016 secs)
05 03 2026 15:58:09.598:WARN [web-server]: 404: /_karma_webpack_/img4.jpg
[1A[2KLOG: [36m'Selected category:', 'all'[39m
Chrome Headless 145.0.0.0 (Windows 10): Executed 92 of 96[31m (2 FAILED)[39m (0 secs / 1.016 secs)
LOG: 'Selected category:', 'all'
05 03 2026 15:58:09.607:WARN [web-server]: 404: /_karma_webpack_/img5.jpg
05 03 2026 15:58:09.609:WARN [web-server]: 404: /_karma_webpack_/img6.jpg
05 03 2026 15:58:09.609:WARN [web-server]: 404: /_karma_webpack_/img7.jpg
05 03 2026 15:58:09.610:WARN [web-server]: 404: /_karma_webpack_/img8.jpg
[1A[2KChrome Headless 145.0.0.0 (Windows 10): Executed 93 of 96[31m (2 FAILED)[39m (0 secs / 1.023 secs)
[1A[2KLOG: [36m'Selected category:', 'all'[39m
Chrome Headless 145.0.0.0 (Windows 10): Executed 93 of 96[31m (2 FAILED)[39m (0 secs / 1.023 secs)
LOG: 'Selected category:', 'all'
[1A[2KChrome Headless 145.0.0.0 (Windows 10): Executed 94 of 96[31m (2 FAILED)[39m (0 secs / 1.03 secs)
[1A[2KLOG: [36m'Selected category:', 'all'[39m
Chrome Headless 145.0.0.0 (Windows 10): Executed 94 of 96[31m (2 FAILED)[39m (0 secs / 1.03 secs)
LOG: 'Selected category:', 'all'
[1A[2KChrome Headless 145.0.0.0 (Windows 10): Executed 95 of 96[31m (2 FAILED)[39m (0 secs / 1.037 secs)
Γ£ö Browser application bundle generation complete.
05 03 2026 15:58:09.629:WARN [web-server]: 404: /_karma_webpack_/img1.jpg
[1A[2KChrome Headless 145.0.0.0 (Windows 10): Executed 96 of 96[31m (2 FAILED)[39m (0 secs / 1.042 secs)
[1A[2KChrome Headless 145.0.0.0 (Windows 10): Executed 96 of 96[31m (2 FAILED)[39m (1.27 secs / 1.042 secs)
[31mTOTAL: 2 FAILED, 94 SUCCESS[39m
05 03 2026 15:58:09.661:WARN [web-server]: 404: /_karma_webpack_/img2.jpg
05 03 2026 15:58:09.672:WARN [web-server]: 404: /_karma_webpack_/img3.jpg
Γ£ö Browser application bundle generation complete.
